// Jest Snapshot v1, https://goo.gl/fbAQLP

exports[`should render Header correctly 1`] = `
<header>
  <h1>
    Expensify
  </h1>
  <NavLink
    className="is-active"
    to="/"
  >
    Dashboard
  </NavLink>
  <NavLink
    className="is-active"
    to="/create"
  >
    Create Expense
  </NavLink>
  <NavLink
    className="is-active"
    to="/help"
  >
    Help
  </NavLink>
  <Outlet />
</header>
`;
